204.76.203.206 - - [04/Feb/2026:05:12:24 +0000] "GET / HTTP/1.1" 404 197 "-" "Mozilla/5.0 (Windows NT 10.0; Win64; x64) AppleWebKit/537.36 (KHTML, like Gecko) Chrome/90.0.4430.85 Safari/537.36 Edg/90.0.818.46"
94.102.49.155 - - [04/Feb/2026:05:21:43 +0000] "GET / HTTP/1.1" 400 166 "-" "-"
15.204.132.49 - - [04/Feb/2026:05:24:01 +0000] "POST / HTTP/1.1" 404 100 "-" "Mozilla/5.0 (X11; CrOS x86_64 14541.0.0) AppleWebKit/537.36 (KHTML, like Gecko) Chrome/134.0.0.0 Safari/537.36"
15.204.132.49 - - [04/Feb/2026:05:24:02 +0000] "POST /_next HTTP/1.1" 404 110 "-" "Mozilla/5.0 (Windows NT 10.0; Win64; x64) AppleWebKit/537.36 (KHTML, like Gecko) Chrome/134.0.0.0 Safari/537.36 Edg/134.0.0.0"
15.204.132.49 - - [04/Feb/2026:05:24:02 +0000] "POST /api HTTP/1.1" 404 106 "-" "Mozilla/5.0 (Linux; U; Android 4.2.2; he-il; NEO-X5-116A Build/JDQ39) AppleWebKit/534.30 (KHTML, like Gecko) Version/4.0 Safari/534.30"
15.204.132.49 - - [04/Feb/2026:05:24:03 +0000] "POST /_next/server HTTP/1.1" 404 124 "-" "Mozilla/5.0 (Windows NT 10.0; Win64; x64) AppleWebKit/537.36 (KHTML, like Gecko) Chrome/134.0.0.0 Safari/537.36 Edg/134.0.0.0"
15.204.132.49 - - [04/Feb/2026:05:24:03 +0000] "POST /app HTTP/1.1" 404 106 "-" "Mozilla/5.0 (Windows NT 10.0; Win64; x64; rv:136.0) Gecko/20100101 Firefox/136."
15.204.132.49 - - [04/Feb/2026:05:24:03 +0000] "POST /api/route HTTP/1.1" 404 118 "-" "Mozilla/5.0 (Windows NT 10.0; Win64; x64) AppleWebKit/537.36 (KHTML, like Gecko) Chrome/134.0.0.0 Safari/537.36"
59.103.100.177 - - [04/Feb/2026:05:25:50 +0000] "POST /GponForm/diag_Form?images/ HTTP/1.1" 404 134 "-" "Hello, World"
59.103.100.177 - - [04/Feb/2026:05:25:52 +0000] ";sh+/tmp/gpon80&ipv=0" 400 166 "-" "-"
204.76.203.69 - - [04/Feb/2026:05:45:15 +0000] "GET / HTTP/1.1" 404 197 "-" "Mozilla/5.0 (Windows NT 10.0; Win64; x64) AppleWebKit/537.36 (KHTML, like Gecko) Chrome/90.0.4430.85 Safari/537.36 Edg/90.0.818.46"
195.3.221.8 - - [04/Feb/2026:05:46:15 +0000] "GET / HTTP/1.1" 404 197 "-" "Mozilla/5.0 (Windows NT 10.0; Win64; x64) AppleWebKit/537.36 (KHTML, like Gecko) Chrome/90.0.4430.85 Safari/537.36 Edg/90.0.818.46"
35.203.210.167 - - [04/Feb/2026:05:53:29 +0000] "GET / HTTP/1.1" 404 134 "-" "Hello from Palo Alto Networks, find out more about our scans in https://docs-cortex.paloaltonetworks.com/r/1/Cortex-Xpanse/Scanning-activity"
206.168.34.49 - - [04/Feb/2026:06:11:39 +0000] "GET / HTTP/1.1" 302 29 "-" "Mozilla/5.0 (compatible; CensysInspect/1.1; +https://about.censys.io/)"
206.168.34.49 - - [04/Feb/2026:06:11:43 +0000] "PRI * HTTP/2.0" 400 166 "-" "-"
206.168.34.49 - - [04/Feb/2026:06:11:54 +0000] "GET /admin HTTP/1.1" 200 768 "-" "Mozilla/5.0 (compatible; CensysInspect/1.1; +https://about.censys.io/)"
206.168.34.49 - - [04/Feb/2026:06:11:55 +0000] "GET /favicon.ico HTTP/1.1" 404 122 "-" "Mozilla/5.0 (compatible; CensysInspect/1.1; +https://about.censys.io/)"
204.76.203.206 - - [04/Feb/2026:06:13:43 +0000] "GET / HTTP/1.1" 404 197 "-" "Mozilla/5.0 (Windows NT 10.0; Win64; x64) AppleWebKit/537.36 (KHTML, like Gecko) Chrome/90.0.4430.85 Safari/537.36 Edg/90.0.818.46"
47.89.154.16 - - [04/Feb/2026:06:19:02 +0000] "GET /dns-query?dns=HigBAAABAAAAAAAAATEEb2RucwFtCmRuc21lYXN1cmUDdG9wAAABAAE HTTP/1.1" 404 118 "-" "Go-http-client/1.1"
47.89.154.16 - - [04/Feb/2026:06:19:02 +0000] "POST /dns-query HTTP/1.1" 404 118 "-" "Go-http-client/1.1"
47.89.154.16 - - [04/Feb/2026:06:19:02 +0000] "GET /dns-query?name=1.odns.m.dnsmeasure.top&type=A HTTP/1.1" 404 118 "-" "Go-http-client/1.1"
47.89.154.16 - - [04/Feb/2026:06:19:03 +0000] "GET /dns-query?dns=LPQBAAABAAAAAAAAATEEb2RucwFtCmRuc21lYXN1cmUDdG9wAAABAAE HTTP/1.1" 404 118 "-" "Go-http-client/1.1"
47.89.154.16 - - [04/Feb/2026:06:19:03 +0000] "POST /dns-query HTTP/1.1" 404 118 "-" "Go-http-client/1.1"
47.89.154.16 - - [04/Feb/2026:06:19:03 +0000] "GET /dns-query?name=1.odns.m.dnsmeasure.top&type=A HTTP/1.1" 404 118 "-" "Go-http-client/1.1"
47.89.154.16 - - [04/Feb/2026:06:19:03 +0000] "GET /query?dns=v8EBAAABAAAAAAAAATEEb2RucwFtCmRuc21lYXN1cmUDdG9wAAABAAE HTTP/1.1" 404 110 "-" "Go-http-client/1.1"
47.89.154.16 - - [04/Feb/2026:06:19:03 +0000] "POST /query HTTP/1.1" 404 110 "-" "Go-http-client/1.1"
47.89.154.16 - - [04/Feb/2026:06:19:03 +0000] "GET /query?name=1.odns.m.dnsmeasure.top&type=A HTTP/1.1" 404 110 "-" "Go-http-client/1.1"
47.89.154.16 - - [04/Feb/2026:06:19:03 +0000] "GET /query?dns=YqgBAAABAAAAAAAAATEEb2RucwFtCmRuc21lYXN1cmUDdG9wAAABAAE HTTP/1.1" 404 110 "-" "Go-http-client/1.1"
47.89.154.16 - - [04/Feb/2026:06:19:04 +0000] "POST /query HTTP/1.1" 404 110 "-" "Go-http-client/1.1"
47.89.154.16 - - [04/Feb/2026:06:19:04 +0000] "GET /query?name=1.odns.m.dnsmeasure.top&type=A HTTP/1.1" 404 110 "-" "Go-http-client/1.1"
47.89.154.16 - - [04/Feb/2026:06:19:04 +0000] "GET /resolve?dns=HAgBAAABAAAAAAAAATEEb2RucwFtCmRuc21lYXN1cmUDdG9wAAABAAE HTTP/1.1" 404 114 "-" "Go-http-client/1.1"
47.89.154.16 - - [04/Feb/2026:06:19:04 +0000] "POST /resolve HTTP/1.1" 404 114 "-" "Go-http-client/1.1"
47.89.154.16 - - [04/Feb/2026:06:19:04 +0000] "GET /resolve?name=1.odns.m.dnsmeasure.top&type=A HTTP/1.1" 404 114 "-" "Go-http-client/1.1"
47.89.154.16 - - [04/Feb/2026:06:19:04 +0000] "GET /resolve?dns=0eIBAAABAAAAAAAAATEEb2RucwFtCmRuc21lYXN1cmUDdG9wAAABAAE HTTP/1.1" 404 114 "-" "Go-http-client/1.1"
47.89.154.16 - - [04/Feb/2026:06:19:05 +0000] "POST /resolve HTTP/1.1" 404 114 "-" "Go-http-client/1.1"
47.89.154.16 - - [04/Feb/2026:06:19:05 +0000] "GET /resolve?name=1.odns.m.dnsmeasure.top&type=A HTTP/1.1" 404 114 "-" "Go-http-client/1.1"
47.89.154.16 - - [04/Feb/2026:06:19:05 +0000] "GET /?dns=oMABAAABAAAAAAAAATEEb2RucwFtCmRuc21lYXN1cmUDdG9wAAABAAE HTTP/1.1" 302 29 "-" "Go-http-client/1.1"
47.89.154.16 - - [04/Feb/2026:06:19:05 +0000] "POST / HTTP/1.1" 404 100 "-" "Go-http-client/1.1"
47.89.154.16 - - [04/Feb/2026:06:19:05 +0000] "GET /?name=1.odns.m.dnsmeasure.top&type=A HTTP/1.1" 302 0 "-" "Go-http-client/1.1"
47.89.154.16 - - [04/Feb/2026:06:19:05 +0000] "GET /?dns=x7IBAAABAAAAAAAAATEEb2RucwFtCmRuc21lYXN1cmUDdG9wAAABAAE HTTP/1.1" 302 29 "-" "Go-http-client/1.1"
47.89.154.16 - - [04/Feb/2026:06:19:05 +0000] "POST / HTTP/1.1" 404 100 "-" "Go-http-client/1.1"
47.89.154.16 - - [04/Feb/2026:06:19:06 +0000] "GET /?name=1.odns.m.dnsmeasure.top&type=A HTTP/1.1" 302 0 "-" "Go-http-client/1.1"
85.217.140.1 - - [04/Feb/2026:06:23:37 +0000] "'GET / HTTP/1.1" 400 166 "-" "-"
66.132.153.136 - - [04/Feb/2026:06:26:14 +0000] "GET / HTTP/1.1" 404 134 "-" "Mozilla/5.0 (compatible; CensysInspect/1.1; +https://about.censys.io/)"
66.132.153.136 - - [04/Feb/2026:06:26:16 +0000] "\x16\x03\x01\x01\x16\x01\x00\x01\x12\x03\x03n\x17\xE5\x88\x1E\xF8\xE1\xB3n\x9Bi\xC3\xE2'" 400 166 "-" "-"
66.132.153.136 - - [04/Feb/2026:06:26:17 +0000] "PRI * HTTP/2.0" 400 166 "-" "-"
45.148.10.238 - - [04/Feb/2026:06:30:49 +0000] "GET /.git/config HTTP/1.1" 404 122 "-" "Mozilla/5.0 (Linux; Android 9; ANE-LX1) AppleWebKit/537.36 (KHTML, like Gecko) Chrome/76.0.3809.111 Mobile Safari/537.36"
34.140.92.201 - - [04/Feb/2026:06:42:24 +0000] "GET / HTTP/1.1" 302 29 "-" "python-requests/2.32.5"
45.148.10.238 - - [04/Feb/2026:06:43:50 +0000] "GET /.git/config HTTP/1.1" 404 122 "-" "Mozilla/5.0 (Windows NT 10.0; Win64; x64) AppleWebKit/537.36 (KHTML, like Gecko) Chrome/73.0.3683.103 Safari/537.36 OPR/60.0.3255.83"
172.18.0.3 - - [04/Feb/2026:06:45:57 +0000] "POST /wp-cron.php?doing_wp_cron=1770187557.3036839962005615234375 HTTP/1.1" 200 0 "-" "WordPress/6.9.1; https://xn--b1awacccnl0jqa.xn--p1ai"
176.208.74.10 - - [04/Feb/2026:06:45:57 +0000] "GET /scan/ HTTP/1.1" 200 8283 "http://www.yandex.ru/clck/jsredir?from=yandex.ru%3Bsuggest%3Bbrowser&text=" "Mozilla/5.0 (Linux; arm_64; Android 12; GLA-LX1) AppleWebKit/537.36 (KHTML, like Gecko) Chrome/142.0.7444.110 YaBrowser/25.12.4.110.00 Mobile Safari/537.36"
176.208.74.10 - - [04/Feb/2026:06:45:57 +0000] "GET /wp-content/themes/twentytwentyfour/assets/vp-scan.css?ver=1.4.4 HTTP/1.1" 200 1807 "https://xn--b1awacccnl0jqa.xn--p1ai/scan/" "Mozilla/5.0 (Linux; arm_64; Android 12; GLA-LX1) AppleWebKit/537.36 (KHTML, like Gecko) Chrome/142.0.7444.110 YaBrowser/25.12.4.110.00 Mobile Safari/537.36"
176.208.74.10 - - [04/Feb/2026:06:45:57 +0000] "GET /wp-content/themes/twentytwentyfour/assets/vendor/html5-qrcode.min.js?ver=2.3.8 HTTP/1.1" 200 108586 "https://xn--b1awacccnl0jqa.xn--p1ai/scan/" "Mozilla/5.0 (Linux; arm_64; Android 12; GLA-LX1) AppleWebKit/537.36 (KHTML, like Gecko) Chrome/142.0.7444.110 YaBrowser/25.12.4.110.00 Mobile Safari/537.36"
176.208.74.10 - - [04/Feb/2026:06:45:57 +0000] "GET /wp-content/themes/twentytwentyfour/assets/vp-scan.js?ver=1.4.4 HTTP/1.1" 200 5262 "https://xn--b1awacccnl0jqa.xn--p1ai/scan/" "Mozilla/5.0 (Linux; arm_64; Android 12; GLA-LX1) AppleWebKit/537.36 (KHTML, like Gecko) Chrome/142.0.7444.110 YaBrowser/25.12.4.110.00 Mobile Safari/537.36"
176.208.74.10 - - [04/Feb/2026:06:45:57 +0000] "GET /service-worker.js HTTP/1.1" 200 647 "https://xn--b1awacccnl0jqa.xn--p1ai/scan/" "Mozilla/5.0 (Linux; arm_64; Android 12; GLA-LX1) AppleWebKit/537.36 (KHTML, like Gecko) Chrome/142.0.7444.110 YaBrowser/25.12.4.110.00 Mobile Safari/537.36"
176.208.74.10 - - [04/Feb/2026:06:45:58 +0000] "GET /wp-content/themes/twentytwentyfour/assets/fonts/inter/Inter-VariableFont_slnt,wght.woff2 HTTP/1.1" 200 326628 "https://xn--b1awacccnl0jqa.xn--p1ai/scan/" "Mozilla/5.0 (Linux; arm_64; Android 12; GLA-LX1) AppleWebKit/537.36 (KHTML, like Gecko) Chrome/142.0.7444.110 YaBrowser/25.12.4.110.00 Mobile Safari/537.36"
176.208.74.10 - - [04/Feb/2026:06:45:58 +0000] "GET /manifest.json HTTP/1.1" 200 433 "https://xn--b1awacccnl0jqa.xn--p1ai/service-worker.js" "Mozilla/5.0 (Linux; arm_64; Android 12; GLA-LX1) AppleWebKit/537.36 (KHTML, like Gecko) Chrome/142.0.7444.110 YaBrowser/25.12.4.110.00 Mobile Safari/537.36"
176.208.74.10 - - [04/Feb/2026:06:45:58 +0000] "GET /wp-content/themes/twentytwentyfour/assets/vp-scan.css HTTP/1.1" 200 1807 "https://xn--b1awacccnl0jqa.xn--p1ai/service-worker.js" "Mozilla/5.0 (Linux; arm_64; Android 12; GLA-LX1) AppleWebKit/537.36 (KHTML, like Gecko) Chrome/142.0.7444.110 YaBrowser/25.12.4.110.00 Mobile Safari/537.36"
176.208.74.10 - - [04/Feb/2026:06:45:58 +0000] "GET /scan HTTP/1.1" 301 0 "https://xn--b1awacccnl0jqa.xn--p1ai/service-worker.js" "Mozilla/5.0 (Linux; arm_64; Android 12; GLA-LX1) AppleWebKit/537.36 (KHTML, like Gecko) Chrome/142.0.7444.110 YaBrowser/25.12.4.110.00 Mobile Safari/537.36"
176.208.74.10 - - [04/Feb/2026:06:45:58 +0000] "GET /wp-content/themes/twentytwentyfour/assets/vp-scan.js HTTP/1.1" 200 5262 "https://xn--b1awacccnl0jqa.xn--p1ai/service-worker.js" "Mozilla/5.0 (Linux; arm_64; Android 12; GLA-LX1) AppleWebKit/537.36 (KHTML, like Gecko) Chrome/142.0.7444.110 YaBrowser/25.12.4.110.00 Mobile Safari/537.36"
176.208.74.10 - - [04/Feb/2026:06:45:58 +0000] "GET /scan/ HTTP/1.1" 200 8283 "https://xn--b1awacccnl0jqa.xn--p1ai/service-worker.js" "Mozilla/5.0 (Linux; arm_64; Android 12; GLA-LX1) AppleWebKit/537.36 (KHTML, like Gecko) Chrome/142.0.7444.110 YaBrowser/25.12.4.110.00 Mobile Safari/537.36"
176.208.74.10 - - [04/Feb/2026:06:45:58 +0000] "GET /favicon.ico HTTP/1.1" 302 0 "https://xn--b1awacccnl0jqa.xn--p1ai/scan/" "Mozilla/5.0 (Linux; arm_64; Android 12; GLA-LX1) AppleWebKit/537.36 (KHTML, like Gecko) Chrome/142.0.7444.110 YaBrowser/25.12.4.110.00 Mobile Safari/537.36"
176.208.74.10 - - [04/Feb/2026:06:45:58 +0000] "GET /wp-includes/images/w-logo-blue-white-bg.png HTTP/1.1" 200 4119 "https://xn--b1awacccnl0jqa.xn--p1ai/scan/" "Mozilla/5.0 (Linux; arm_64; Android 12; GLA-LX1) AppleWebKit/537.36 (KHTML, like Gecko) Chrome/142.0.7444.110 YaBrowser/25.12.4.110.00 Mobile Safari/537.36"
172.18.0.3 - - [04/Feb/2026:06:46:03 +0000] "GET /items/qr_codes?limit=20&fields=id%2Ccode%2Ctitle%2Ctype%2Cinstruction_url%2Cproduct_id.id%2Cproduct_id.title%2Cproduct_id.model%2Cproduct_id.sku%2Cproduct_id.instruction_url&filter=%7B%22_or%22%3A%5B%7B%22code%22%3A%7B%22_icontains%22%3A%22Vp%22%7D%7D%2C%7B%22title%22%3A%7B%22_icontains%22%3A%22Vp%22%7D%7D%2C%7B%22type%22%3A%7B%22_icontains%22%3A%22Vp%22%7D%7D%2C%7B%22product_id%22%3A%7B%22title%22%3A%7B%22_icontains%22%3A%22Vp%22%7D%7D%7D%2C%7B%22product_id%22%3A%7B%22model%22%3A%7B%22_icontains%22%3A%22Vp%22%7D%7D%7D%2C%7B%22product_id%22%3A%7B%22sku%22%3A%7B%22_icontains%22%3A%22Vp%22%7D%7D%7D%5D%7D&sort=-id HTTP/1.1" 200 2197 "-" "WordPress/6.9.1; https://xn--b1awacccnl0jqa.xn--p1ai"
176.208.74.10 - - [04/Feb/2026:06:46:03 +0000] "GET /wp-json/vp/v1/suggest?term=Vp HTTP/1.1" 200 1195 "https://xn--b1awacccnl0jqa.xn--p1ai/scan/" "Mozilla/5.0 (Linux; arm_64; Android 12; GLA-LX1) AppleWebKit/537.36 (KHTML, like Gecko) Chrome/142.0.7444.110 YaBrowser/25.12.4.110.00 Mobile Safari/537.36"
172.18.0.3 - - [04/Feb/2026:06:46:04 +0000] "GET /items/qr_codes?limit=1&fields=%2A%2Cproduct_id.%2A%2Cqr_file.%2A%2Cqr_file_png.%2A&filter=%7B%22code%22%3A%7B%22_eq%22%3A%22VP-PH-EP2231-START%22%7D%7D HTTP/1.1" 200 2210 "-" "WordPress/6.9.1; https://xn--b1awacccnl0jqa.xn--p1ai"
176.208.74.10 - - [04/Feb/2026:06:46:04 +0000] "GET /wp-json/vp/v1/lookup?code=VP-PH-EP2231-START HTTP/1.1" 200 2713 "https://xn--b1awacccnl0jqa.xn--p1ai/scan/" "Mozilla/5.0 (Linux; arm_64; Android 12; GLA-LX1) AppleWebKit/537.36 (KHTML, like Gecko) Chrome/142.0.7444.110 YaBrowser/25.12.4.110.00 Mobile Safari/537.36"
176.208.74.10 - - [04/Feb/2026:06:46:07 +0000] "GET /instruction?code=VP-PH-EP2231-START HTTP/1.1" 301 0 "-" "Mozilla/5.0 (Linux; arm_64; Android 12; GLA-LX1) AppleWebKit/537.36 (KHTML, like Gecko) Chrome/142.0.7444.110 YaBrowser/25.12.4.110.00 Mobile Safari/537.36"
176.208.74.10 - - [04/Feb/2026:06:46:07 +0000] "GET /instruction/?code=VP-PH-EP2231-START HTTP/1.1" 200 8624 "-" "Mozilla/5.0 (Linux; arm_64; Android 12; GLA-LX1) AppleWebKit/537.36 (KHTML, like Gecko) Chrome/142.0.7444.110 YaBrowser/25.12.4.110.00 Mobile Safari/537.36"
176.208.74.10 - - [04/Feb/2026:06:46:07 +0000] "GET /wp-content/themes/twentytwentyfour/instruction.css HTTP/1.1" 200 751 "https://xn--b1awacccnl0jqa.xn--p1ai/instruction/?code=VP-PH-EP2231-START" "Mozilla/5.0 (Linux; arm_64; Android 12; GLA-LX1) AppleWebKit/537.36 (KHTML, like Gecko) Chrome/142.0.7444.110 YaBrowser/25.12.4.110.00 Mobile Safari/537.36"
176.208.74.10 - - [04/Feb/2026:06:46:07 +0000] "GET /wp-content/themes/twentytwentyfour/assets/fonts/cardo/cardo_normal_400.woff2 HTTP/1.1" 200 146060 "https://xn--b1awacccnl0jqa.xn--p1ai/instruction/?code=VP-PH-EP2231-START" "Mozilla/5.0 (Linux; arm_64; Android 12; GLA-LX1) AppleWebKit/537.36 (KHTML, like Gecko) Chrome/142.0.7444.110 YaBrowser/25.12.4.110.00 Mobile Safari/537.36"
172.18.0.3 - - [04/Feb/2026:06:46:07 +0000] "GET /items/qr_codes?limit=1&fields=code%2Ctitle%2Ctype%2Cpayload%2Cinstruction_id%2Cproduct_id.%2A&filter=%7B%22code%22%3A%7B%22_eq%22%3A%22VP-PH-EP2231-START%22%7D%7D HTTP/1.1" 403 311 "-" "WordPress/6.9.1; https://xn--b1awacccnl0jqa.xn--p1ai"
176.208.74.10 - - [04/Feb/2026:06:46:07 +0000] "GET /wp-json/vp/v1/instruction?code=VP-PH-EP2231-START HTTP/1.1" 403 391 "https://xn--b1awacccnl0jqa.xn--p1ai/instruction/?code=VP-PH-EP2231-START" "Mozilla/5.0 (Linux; arm_64; Android 12; GLA-LX1) AppleWebKit/537.36 (KHTML, like Gecko) Chrome/142.0.7444.110 YaBrowser/25.12.4.110.00 Mobile Safari/537.36"
176.208.74.10 - - [04/Feb/2026:06:46:08 +0000] "GET /favicon.ico HTTP/1.1" 302 0 "https://xn--b1awacccnl0jqa.xn--p1ai/instruction/?code=VP-PH-EP2231-START" "Mozilla/5.0 (Linux; arm_64; Android 12; GLA-LX1) AppleWebKit/537.36 (KHTML, like Gecko) Chrome/142.0.7444.110 YaBrowser/25.12.4.110.00 Mobile Safari/537.36"
176.208.74.10 - - [04/Feb/2026:06:46:09 +0000] "GET /service-worker.js HTTP/1.1" 200 647 "https://xn--b1awacccnl0jqa.xn--p1ai/service-worker.js" "Mozilla/5.0 (Linux; arm_64; Android 12; GLA-LX1) AppleWebKit/537.36 (KHTML, like Gecko) Chrome/142.0.7444.110 YaBrowser/25.12.4.110.00 Mobile Safari/537.36"
176.208.74.10 - - [04/Feb/2026:06:47:35 +0000] "GET /instruction/?code=VP-PH-EP2231-START HTTP/1.1" 200 8624 "-" "Mozilla/5.0 (Windows NT 10.0; Win64; x64) AppleWebKit/537.36 (KHTML, like Gecko) Chrome/144.0.0.0 Safari/537.36 Edg/144.0.0.0"
176.208.74.10 - - [04/Feb/2026:06:47:35 +0000] "GET /wp-content/themes/twentytwentyfour/instruction.css HTTP/1.1" 200 751 "https://xn--b1awacccnl0jqa.xn--p1ai/instruction/?code=VP-PH-EP2231-START" "Mozilla/5.0 (Windows NT 10.0; Win64; x64) AppleWebKit/537.36 (KHTML, like Gecko) Chrome/144.0.0.0 Safari/537.36 Edg/144.0.0.0"
176.208.74.10 - - [04/Feb/2026:06:47:35 +0000] "GET /wp-content/themes/twentytwentyfour/assets/fonts/cardo/cardo_normal_400.woff2 HTTP/1.1" 200 146060 "https://xn--b1awacccnl0jqa.xn--p1ai/instruction/?code=VP-PH-EP2231-START" "Mozilla/5.0 (Windows NT 10.0; Win64; x64) AppleWebKit/537.36 (KHTML, like Gecko) Chrome/144.0.0.0 Safari/537.36 Edg/144.0.0.0"
176.208.74.10 - - [04/Feb/2026:06:47:35 +0000] "GET /wp-content/themes/twentytwentyfour/assets/fonts/inter/Inter-VariableFont_slnt,wght.woff2 HTTP/1.1" 200 326628 "https://xn--b1awacccnl0jqa.xn--p1ai/instruction/?code=VP-PH-EP2231-START" "Mozilla/5.0 (Windows NT 10.0; Win64; x64) AppleWebKit/537.36 (KHTML, like Gecko) Chrome/144.0.0.0 Safari/537.36 Edg/144.0.0.0"
176.208.74.10 - - [04/Feb/2026:06:47:35 +0000] "GET /wp-includes/js/wp-emoji-release.min.js?ver=6.9.1 HTTP/1.1" 200 5375 "https://xn--b1awacccnl0jqa.xn--p1ai/instruction/?code=VP-PH-EP2231-START" "Mozilla/5.0 (Windows NT 10.0; Win64; x64) AppleWebKit/537.36 (KHTML, like Gecko) Chrome/144.0.0.0 Safari/537.36 Edg/144.0.0.0"
172.18.0.3 - - [04/Feb/2026:06:47:35 +0000] "GET /items/qr_codes?limit=1&fields=code%2Ctitle%2Ctype%2Cpayload%2Cinstruction_id%2Cproduct_id.%2A&filter=%7B%22code%22%3A%7B%22_eq%22%3A%22VP-PH-EP2231-START%22%7D%7D HTTP/1.1" 403 311 "-" "WordPress/6.9.1; https://xn--b1awacccnl0jqa.xn--p1ai"
176.208.74.10 - - [04/Feb/2026:06:47:35 +0000] "GET /wp-json/vp/v1/instruction?code=VP-PH-EP2231-START HTTP/1.1" 403 391 "https://xn--b1awacccnl0jqa.xn--p1ai/instruction/?code=VP-PH-EP2231-START" "Mozilla/5.0 (Windows NT 10.0; Win64; x64) AppleWebKit/537.36 (KHTML, like Gecko) Chrome/144.0.0.0 Safari/537.36 Edg/144.0.0.0"
176.208.74.10 - - [04/Feb/2026:06:47:36 +0000] "GET /favicon.ico HTTP/1.1" 302 0 "https://xn--b1awacccnl0jqa.xn--p1ai/instruction/?code=VP-PH-EP2231-START" "Mozilla/5.0 (Windows NT 10.0; Win64; x64) AppleWebKit/537.36 (KHTML, like Gecko) Chrome/144.0.0.0 Safari/537.36 Edg/144.0.0.0"
176.208.74.10 - - [04/Feb/2026:06:47:36 +0000] "GET /wp-includes/images/w-logo-blue-white-bg.png HTTP/1.1" 200 4119 "https://xn--b1awacccnl0jqa.xn--p1ai/instruction/?code=VP-PH-EP2231-START" "Mozilla/5.0 (Windows NT 10.0; Win64; x64) AppleWebKit/537.36 (KHTML, like Gecko) Chrome/144.0.0.0 Safari/537.36 Edg/144.0.0.0"
195.3.221.8 - - [04/Feb/2026:06:47:47 +0000] "GET / HTTP/1.1" 404 197 "-" "Mozilla/5.0 (Windows NT 10.0; Win64; x64) AppleWebKit/537.36 (KHTML, like Gecko) Chrome/90.0.4430.85 Safari/537.36 Edg/90.0.818.46"
172.18.0.3 - - [04/Feb/2026:06:48:07 +0000] "GET /items/qr_codes?limit=1&fields=code%2Ctitle%2Ctype%2Cpayload%2Cinstruction_id%2Cproduct_id.%2A&filter=%7B%22code%22%3A%7B%22_eq%22%3A%22VP-PH-EP2231-START%22%7D%7D HTTP/1.1" 403 311 "-" "WordPress/6.9.1; https://xn--b1awacccnl0jqa.xn--p1ai"
176.208.74.10 - - [04/Feb/2026:06:48:07 +0000] "GET /wp-json/vp/v1/instruction?code=VP-PH-EP2231-START HTTP/1.1" 403 391 "https://xn--b1awacccnl0jqa.xn--p1ai/instruction/?code=VP-PH-EP2231-START" "Mozilla/5.0 (Windows NT 10.0; Win64; x64) AppleWebKit/537.36 (KHTML, like Gecko) Chrome/144.0.0.0 Safari/537.36 Edg/144.0.0.0"
176.208.74.10 - - [04/Feb/2026:06:48:09 +0000] "GET /service-worker.js HTTP/1.1" 200 647 "https://xn--b1awacccnl0jqa.xn--p1ai/service-worker.js" "Mozilla/5.0 (Windows NT 10.0; Win64; x64) AppleWebKit/537.36 (KHTML, like Gecko) Chrome/144.0.0.0 Safari/537.36 Edg/144.0.0.0"
176.208.74.10 - - [04/Feb/2026:06:48:22 +0000] "GET /service-worker.js HTTP/1.1" 200 647 "https://xn--b1awacccnl0jqa.xn--p1ai/service-worker.js" "Mozilla/5.0 (Windows NT 10.0; Win64; x64) AppleWebKit/537.36 (KHTML, like Gecko) Chrome/144.0.0.0 Safari/537.36 Edg/144.0.0.0"
176.208.74.10 - - [04/Feb/2026:06:49:03 +0000] "GET /service-worker.js HTTP/1.1" 200 647 "https://xn--b1awacccnl0jqa.xn--p1ai/service-worker.js" "Mozilla/5.0 (Windows NT 10.0; Win64; x64) AppleWebKit/537.36 (KHTML, like Gecko) Chrome/144.0.0.0 Safari/537.36 Edg/144.0.0.0"
176.208.74.10 - - [04/Feb/2026:06:49:04 +0000] "GET /service-worker.js HTTP/1.1" 200 647 "https://xn--b1awacccnl0jqa.xn--p1ai/service-worker.js" "Mozilla/5.0 (Windows NT 10.0; Win64; x64) AppleWebKit/537.36 (KHTML, like Gecko) Chrome/144.0.0.0 Safari/537.36 Edg/144.0.0.0"
176.208.74.10 - - [04/Feb/2026:06:49:06 +0000] "GET /service-worker.js HTTP/1.1" 200 647 "https://xn--b1awacccnl0jqa.xn--p1ai/service-worker.js" "Mozilla/5.0 (Windows NT 10.0; Win64; x64) AppleWebKit/537.36 (KHTML, like Gecko) Chrome/144.0.0.0 Safari/537.36 Edg/144.0.0.0"
176.208.74.10 - - [04/Feb/2026:06:49:11 +0000] "GET /service-worker.js HTTP/1.1" 200 647 "https://xn--b1awacccnl0jqa.xn--p1ai/service-worker.js" "Mozilla/5.0 (Windows NT 10.0; Win64; x64) AppleWebKit/537.36 (KHTML, like Gecko) Chrome/144.0.0.0 Safari/537.36 Edg/144.0.0.0"
176.208.74.10 - - [04/Feb/2026:06:49:15 +0000] "GET /service-worker.js HTTP/1.1" 200 647 "https://xn--b1awacccnl0jqa.xn--p1ai/service-worker.js" "Mozilla/5.0 (Windows NT 10.0; Win64; x64) AppleWebKit/537.36 (KHTML, like Gecko) Chrome/144.0.0.0 Safari/537.36 Edg/144.0.0.0"
176.208.74.10 - - [04/Feb/2026:06:49:17 +0000] "GET /service-worker.js HTTP/1.1" 200 647 "https://xn--b1awacccnl0jqa.xn--p1ai/service-worker.js" "Mozilla/5.0 (Windows NT 10.0; Win64; x64) AppleWebKit/537.36 (KHTML, like Gecko) Chrome/144.0.0.0 Safari/537.36 Edg/144.0.0.0"
176.208.74.10 - - [04/Feb/2026:06:49:20 +0000] "GET /service-worker.js HTTP/1.1" 200 647 "https://xn--b1awacccnl0jqa.xn--p1ai/service-worker.js" "Mozilla/5.0 (Windows NT 10.0; Win64; x64) AppleWebKit/537.36 (KHTML, like Gecko) Chrome/144.0.0.0 Safari/537.36 Edg/144.0.0.0"
3.90.246.91 - - [04/Feb/2026:06:49:35 +0000] "GET /.git/config HTTP/1.1" 404 122 "-" "Mozilla/5.0 (X11; Linux x86_64; rv:1.9.5.20) Gecko/ Firefox/3.6.16"
